// Jest Snapshot v1, https://goo.gl/fbAQLP

exports[`Paragraph snapshot contrast 1`] = `
<p
  class="component flow __halo_textContrast_dark_A __halo_fontSizeMap_size--md __halo_lineHeight_default"
>
  single A
</p>
`;

exports[`Paragraph snapshot flow 1`] = `
<p
  class="component __halo_fontSizeMap_size--md __halo_lineHeight_default"
>
  no flow
</p>
`;

exports[`Paragraph snapshot line height override 1`] = `
<p
  class="component flow __halo_fontSizeMap_size--xs __halo_lineHeight_dense"
>
  dense line height override
</p>
`;

exports[`Paragraph snapshot size 1`] = `
<p
  class="component flow __halo_fontSizeMap_size--2xl __halo_lineHeight_default"
>
  size 2xl
</p>
`;
